// Jest Snapshot v1, https://goo.gl/fbAQLP

exports[`User components should match snapshot test 1`] = `[Function]`;
