// Jest Snapshot v1, https://goo.gl/fbAQLP

exports[`User components should match snapshot test 1`] = `
ShallowWrapper {
  "complexSelector": ComplexSelector {
    "buildPredicate": [Function],
    "childrenOfNode": [Function],
    "findWhereUnwrapped": [Function],
  },
  "length": 1,
  "node": <div
    className="side-menu-container list-group-item"
  >
    <li>
      <span />
      <b>
         
        sasil
         
      </b>
       
    </li>
  </div>,
  "nodes": Array [
    <div
      className="side-menu-container list-group-item"
    >
      <li>
        <span />
        <b>
           
          sasil
           
        </b>
         
      </li>
    </div>,
  ],
  "options": Object {},
  "renderer": ReactShallowRenderer {
    "_context": Object {},
    "_element": <Message
      user={
        Object {
          "email": "sasil@yahoo.com",
          "id": "UTsUlauteS5nb34huOP6SpvcuocX9vA1",
          "userName": "sasil",
        }
      }
    />,
    "_instance": Message {
      "context": Object {},
      "props": Object {
        "user": Object {
          "email": "sasil@yahoo.com",
          "id": "UTsUlauteS5nb34huOP6SpvcuocX9vA1",
          "userName": "sasil",
        },
      },
      "refs": Object {},
      "state": Object {},
      "updater": Updater {
        "_renderer": [Circular],
      },
    },
    "_newState": null,
    "_rendered": <div
      className="side-menu-container list-group-item"
    >
      <li>
        <span />
        <b>
           
          sasil
           
        </b>
         
      </li>
    </div>,
    "_rendering": false,
    "_updater": Updater {
      "_renderer": [Circular],
    },
    "getRenderOutput": [Function],
    "render": [Function],
  },
  "root": [Circular],
  "unrendered": <Message
    user={
      Object {
        "email": "sasil@yahoo.com",
        "id": "UTsUlauteS5nb34huOP6SpvcuocX9vA1",
        "userName": "sasil",
      }
    }
  />,
}
`;
